npm notice run themis.ai-frontend@0.1.0 dev
npm notice run next dev --port 3137
▲ Next.js 16.3.3 (Turbopack)
- Local:         http://localhost:3137
- Network:       http://192.168.50.222:3137
✓ Ready in 248ms
✓ Running next.config.ts took 1710ms

 GET /matters/MAT-DEMO-BEACON 200 in 2.3s (next.js: 2.1s, application-code: 230ms)
 GET /matters/MAT-DEMO-BEACON 200 in 25ms (next.js: 13ms, application-code: 13ms)
✓ Compiled in 89ms
 GET /matters/MAT-DEMO-BEACON 200 in 18ms (next.js: 7ms, application-code: 11ms)
✓ Compiled in 13ms
 GET /matters/MAT-DEMO-BEACON 200 in 25ms (next.js: 8ms, application-code: 17ms)
✓ Compiled in 185ms
 GET /matters/MAT-DEMO-BEACON 200 in 47ms (next.js: 7ms, application-code: 39ms)
✓ Compiled in 69ms
 GET /matters/MAT-DEMO-BEACON 200 in 74ms (next.js: 54ms, application-code: 20ms)
 GET /matters/MAT-DEMO-BEACON 200 in 34ms (next.js: 8ms, application-code: 26ms)
✓ Compiled in 15ms
 GET /matters/MAT-DEMO-BEACON 200 in 37ms (next.js: 20ms, application-code: 17ms)
 GET /matters/MAT-DEMO-BEACON 200 in 31ms (next.js: 10ms, application-code: 21ms)
 GET /experimental/chat?matter=MAT-DEMO-BEACON 200 in 456ms (next.js: 402ms, application-code: 55ms)
✓ Compiled in 37ms
 GET /experimental/chat?matter=MAT-DEMO-BEACON 200 in 48ms (next.js: 26ms, application-code: 22ms)
 GET /matters/MAT-DEMO-BEACON 200 in 20ms (next.js: 8ms, application-code: 12ms)
✓ Compiled in 32ms
 GET /experimental/chat?matter=MAT-DEMO-BEACON 200 in 29ms (next.js: 16ms, application-code: 13ms)
 GET /matters/MAT-DEMO-BEACON 200 in 31ms (next.js: 10ms, application-code: 21ms)
 GET /experimental/chat?matter=MAT-DEMO-BEACON 200 in 15ms (next.js: 1.3ms, application-code: 14ms)
✓ Compiled in 73ms
 GET /experimental/chat?matter=MAT-DEMO-BEACON 200 in 44ms (next.js: 9ms, application-code: 36ms)
 GET /matters/MAT-DEMO-BEACON 200 in 43ms (next.js: 28ms, application-code: 15ms)
 GET /experimental/chat?matter=MAT-DEMO-BEACON 200 in 41ms (next.js: 15ms, application-code: 26ms)
 GET /matters/MAT-DEMO-BEACON 200 in 31ms (next.js: 5ms, application-code: 26ms)
✓ Compiled in 154ms
 GET /experimental/chat?matter=MAT-DEMO-BEACON 200 in 23ms (next.js: 12ms, application-code: 11ms)
 GET /matters/MAT-DEMO-BEACON 200 in 24ms (next.js: 8ms, application-code: 16ms)
 GET /matters/MAT-DEMO-BEACON?conversation=CONV-20260910-a18399 200 in 25ms (next.js: 6ms, application-code: 19ms)
[?25h
